S|Sample1Constants|Sample1ConstantsPointer|
C|Aa
C|Bb
C|Cc
S|E|EPointer|
C|E1
C|E2
C|E3
S|A|APointer|
F|x|x|U16*|uint16_t*
F|y|y|U16|uint16_t
S|SOA|SOAPointer|
F|a|a|U8[]|uint8_t[]
F|b|b|U16[][]|uint16_t[][]
S|IPv4|IPv4Pointer|
F|ihl|ihl|U8:4|uint8_t:4
F|version|version|U8:4|uint8_t:4
F|ecn|ecn|U8:2|uint8_t:2
F|dscp|dscp|U8:6|uint8_t:6
F|tot_len|tot_len|U16|uint16_t
F|id|id|U16|uint16_t
F|fragOff|fragOff|U16:13|uint16_t:13
F|flags|flags|U16:3|uint16_t:3
F|ttl|ttl|U8|uint8_t
F|protocol|protocol|U8|uint8_t
F|check|check|U16|uint16_t
F|saddr|saddr|U32|uint32_t
F|daddr|daddr|U32|uint32_t
S|C|CPointer|
F|x|x|U32|uint32_t
F|y|y|U32|uint32_t
S|D|DPointer|
F|xy|xy|C|C
F|z|z|U32|uint32_t
S|UDPPacket|UDPPacketPointer|
F|ipHeader|ipHeader|IPv4|IPv4
F|srcPort|srcPort|U16|uint16_t
F|destPort|destPort|U16|uint16_t
F|length|length|U16|uint16_t
F|checksum|checksum|U16|uint16_t
S|F|FPointer|
F|x|x|U16:4|uint16_t:4
F|y|y|U16:8|uint16_t:8
F|z|z|U16:4|uint16_t:4
S|G|GPointer|
F|x|x|U16:10|uint16_t:10
F|y|y|U16:1|uint16_t:1
F|z|z|U16:7|uint16_t:7
S|H|HPointer|
F|a|a|U16:6|uint16_t:6
F|b|b|U16:5|uint16_t:5
F|c|c|U16:5|uint16_t:5
F|d|d|U16|uint16_t
S|Box|BoxPointer|
F|length|length|I64|int64_t
F|width|width|I64|int64_t
F|height|height|I64|int64_t
S|RGBColour|RGBColourPointer|
F|red|red|U8|uint8_t
F|green|green|U8|uint8_t
F|blue|blue|U8|uint8_t
S|Uniondata1|Uniondata1Pointer|
F|i8|i8|U16|uint16_t
F|f16|f16|U32|uint32_t
F|arrI8|arrI8|U8[]|uint8_t[]
S|Uniondata2|Uniondata2Pointer|
F|i16|i16|U16|uint16_t
F|f32|f32|U32|uint32_t
F|arrI8|arrI8|U8[]|uint8_t[]
S|Uniondata3|Uniondata3Pointer|
F|i16|i16|U16|uint16_t
F|f32|f32|U32|uint32_t
F|arrI8|arrI8|U8[]|uint8_t[]
S|Uniondata4|Uniondata4Pointer|
F|i16|i16|U16|uint16_t
F|f32|f32|U32|uint32_t
F|arrI8|arrI8|U8[]|uint8_t[]
S|Unionjob|UnionjobPointer|
F|name|name|U8[]|char[]
F|salary|salary|float|float
F|worker_no|worker_no|I32|int
S|MyNamespace|MyNamespacePointer|
S|MyNamespace$THINGS|MyNamespace$THINGSPointer|
C|THING1
C|THING2
C|THING3
S|MyNamespace$Q|MyNamespace$QPointer|
F|d|d|U16|uint16_t
F|e|e|U16[][]|uint16_t[][]
S|MyNamespace$RGBColourV2|MyNamespace$RGBColourV2Pointer|
F|red|red|U8|uint8_t
F|green|green|U8|uint8_t
F|blue|blue|U8|uint8_t
S|MyNamespace$Uniondata5|MyNamespace$Uniondata5Pointer|
F|i16|i16|U16|uint16_t
F|f32|f32|U32|uint32_t
F|arrI8|arrI8|U8[]|uint8_t[]
S|MyNamespace$InnerNamespace|MyNamespace$InnerNamespacePointer|
S|MyNamespace$InnerNamespace$TypeInInnerNamespace|MyNamespace$InnerNamespace$TypeInInnerNamespacePointer|
F|h|h|U16|uint16_t
S|HasAForwardDeclaredClass|HasAForwardDeclaredClassPointer|
F|fieldOfForwardDeclaredClass|fieldOfForwardDeclaredClass|ForwardDeclaredClass*|ForwardDeclaredClass*
S|MyClass|MyClassPointer|
F|instanceOfMyNestedClass|instanceOfMyNestedClass|MyClass$MyNestedClass|MyClass$MyNestedClass
F|data|data|I64|int64_t
C|ENUM1
C|ENUM2
C|ENUM3
F|Z|Z|MyClass$Z|MyClass$Z
F|instanceOfZ|instanceOfZ|MyClass$Z|MyClass$Z
S|MyClass$MyNestedClass|MyClass$MyNestedClassPointer|
F|d|d|I32|int
S|MyClass$Z|MyClass$ZPointer|
F|g|g|U64|uint64_t
F|h|h|U16[][]|uint16_t[][]
S|S1|S1Pointer|
F|a|a|IDATA|IDATA
S|S2|S2Pointer|
F|b|b|IDATA|IDATA
F|b2|b2|S1|S1
S|T2|T2Pointer|
F|c|c|struct S2|struct S2
S|T4|T4Pointer|
F|d|d|T2|T2
F|e|e|struct S2|struct S2
F|f|f|struct S2*|T3
S|MyEnum|MyEnumPointer|
C|something1
C|something2
C|something3
C|something4
C|something5
C|somethingN
S|Ip|IpPointer|
F|ipv6|ipv6|U64|uint64_t
F|s$hi_ipv6|s.hi_ipv6|U32|uint32_t
F|s$lo_ipv6|s.lo_ipv6|U32|uint32_t
S|BoxV2|BoxV2Pointer|
F|hashCode|hashCode|I64|volatile int64_t
F|length|length|I64|int64_t
F|width|width|I64|int64_t
F|height|height|I64|int64_t
S|Foo|FooPointer|
F|staticTest|staticTest|I32|int
F|data|data|UDATA|uintptr_t
F|data2|data2|I32|const int
S|HasVoidStarField|HasVoidStarFieldPointer|
F|voidStar|voidStar|FunctionPointer*|FunctionPointer*
S|UnionFieldType|UnionFieldTypePointer|
F|i|i|I32|int32_t
F|s|s|I16|int16_t
S|HasUnionField|HasUnionFieldPointer|
F|unionField1|unionField1|UnionFieldType|UnionFieldType
F|unionField2|unionField2|UnionFieldType|UnionFieldType
S|S3|S3Pointer|
F|q|q|U8|volatile uint8_t
F|r|r|U8|const uint8_t
S|Vehicle|VehiclePointer|
F|speed|speed|double|double
S|Toy|ToyPointer|
F|durability|durability|I32|int
S|MatchboxCar|MatchboxCarPointer|Toy
F|hasWheels|hasWheels|I32|int
S|StructWithFunctionPointer|StructWithFunctionPointerPointer|
F|functionPointer|functionPointer|FunctionPointer*|FunctionPointer
F|i|i|I32**[][]|INT_ARRAY
S|S4|S4Pointer|
F|i|i|I32|int
F|l|l|I32|long int
F|d|d|double|double
F|c|c|U8|char
F|b|b|bool|bool
S|Outer|OuterPointer|
F|innerField1$ui8|innerField1.ui8|U8|uint8_t
F|innerField2$i16|innerField2.i16|I16|int16_t
F|innerField3$innerStruct|innerField3.innerStruct|Outer$$InnerStruct|Outer$$InnerStruct
S|Outer$$InnerStruct|Outer$$InnerStructPointer|
F|i32|i32|I32|int32_t
S|OuterClassWithDifferentName1|OuterClassWithDifferentName1Pointer|
F|instanceOfInnerClassWithSameName|instanceOfInnerClassWithSameName|OuterClassWithDifferentName1$InnerClassWithSameName|OuterClassWithDifferentName1$InnerClassWithSameName
S|OuterClassWithDifferentName1$InnerClassWithSameName|OuterClassWithDifferentName1$InnerClassWithSameNamePointer|
F|g|g|double|double
S|OuterClassWithDifferentName2|OuterClassWithDifferentName2Pointer|
F|instanceOfInnerClassWithSameName|instanceOfInnerClassWithSameName|OuterClassWithDifferentName2$InnerClassWithSameName|OuterClassWithDifferentName2$InnerClassWithSameName
S|OuterClassWithDifferentName2$InnerClassWithSameName|OuterClassWithDifferentName2$InnerClassWithSameNamePointer|
F|h|h|double|double
S|Complex<int>|Complex<int>Pointer|
F|real|real|I32|int
F|imaginary|imaginary|I32|int
S|Complex<double>|Complex<double>Pointer|
F|real|real|double|double
F|imaginary|imaginary|double|double
S|SArrayWithTypedefType|SArrayWithTypedefTypePointer|
F|arrayWithTypedefType|arrayWithTypedefType|U32[]|UDATA2[]
S|SNoLengthArray|SNoLengthArrayPointer|
F|numElements|numElements|I32|int
F|intArr|intArr|I32[]|int[]
S|TestFileInSubDirConstants|TestFileInSubDirConstantsPointer|
C|SEAHORSE
C|TEST_FLAG
C|TEST_FLAG2
C|TEST_FLAG_UNDEF
S|TestHeaderConstants|TestHeaderConstantsPointer|
C|COW
S|MapToTypeTest1|MapToTypeTest1Pointer|
C|myMapToTypeMacro1a
C|myMapToTypeMacro1b
S|Map_to_typeConstants|Map_to_typeConstantsPointer|
C|myMapToTypeMacro2
S|MapToTypeTest3|MapToTypeTest3Pointer|
C|myMapToTypeMacro3
S|MapToTypeTest4|MapToTypeTest4Pointer|
C|myMapToTypeMacro4
S|TestConstants|TestConstantsPointer|
C|dolphin
C|fish
C|octopus
C|whale
